------------------------------------------------------------
Timing Analyzer Summary
------------------------------------------------------------

Type  : Slow 1200mV 85C Model Setup 'i_clk'
Slack : -5.493
TNS   : -286.738

Type  : Slow 1200mV 85C Model Setup 'fifo:fifo_rx|r_fifo_count[0]'
Slack : -0.293
TNS   : -1.411

Type  : Slow 1200mV 85C Model Hold 'fifo:fifo_rx|r_fifo_count[0]'
Slack : -0.155
TNS   : -0.419

Type  : Slow 1200mV 85C Model Hold 'i_clk'
Slack : 0.339
TNS   : 0.000

Type  : Slow 1200mV 85C Model Recovery 'i_clk'
Slack : -0.072
TNS   : -0.072

Type  : Slow 1200mV 85C Model Removal 'i_clk'
Slack : 0.567
TNS   : 0.000

Type  : Slow 1200mV 85C Model Minimum Pulse Width 'i_clk'
Slack : -3.000
TNS   : -210.568

Type  : Slow 1200mV 85C Model Minimum Pulse Width 'fifo:fifo_rx|r_fifo_count[0]'
Slack : 0.437
TNS   : 0.000

Type  : Slow 1200mV 0C Model Setup 'i_clk'
Slack : -5.040
TNS   : -250.145

Type  : Slow 1200mV 0C Model Setup 'fifo:fifo_rx|r_fifo_count[0]'
Slack : -0.286
TNS   : -1.545

Type  : Slow 1200mV 0C Model Hold 'fifo:fifo_rx|r_fifo_count[0]'
Slack : -0.022
TNS   : -0.042

Type  : Slow 1200mV 0C Model Hold 'i_clk'
Slack : 0.339
TNS   : 0.000

Type  : Slow 1200mV 0C Model Recovery 'i_clk'
Slack : 0.037
TNS   : 0.000

Type  : Slow 1200mV 0C Model Removal 'i_clk'
Slack : 0.507
TNS   : 0.000

Type  : Slow 1200mV 0C Model Minimum Pulse Width 'i_clk'
Slack : -3.000
TNS   : -209.864

Type  : Slow 1200mV 0C Model Minimum Pulse Width 'fifo:fifo_rx|r_fifo_count[0]'
Slack : 0.431
TNS   : 0.000

Type  : Fast 1200mV 0C Model Setup 'i_clk'
Slack : -2.489
TNS   : -84.007

Type  : Fast 1200mV 0C Model Setup 'fifo:fifo_rx|r_fifo_count[0]'
Slack : 0.140
TNS   : 0.000

Type  : Fast 1200mV 0C Model Hold 'i_clk'
Slack : 0.053
TNS   : 0.000

Type  : Fast 1200mV 0C Model Hold 'fifo:fifo_rx|r_fifo_count[0]'
Slack : 0.076
TNS   : 0.000

Type  : Fast 1200mV 0C Model Recovery 'i_clk'
Slack : 0.456
TNS   : 0.000

Type  : Fast 1200mV 0C Model Removal 'i_clk'
Slack : 0.283
TNS   : 0.000

Type  : Fast 1200mV 0C Model Minimum Pulse Width 'i_clk'
Slack : -3.000
TNS   : -156.827

Type  : Fast 1200mV 0C Model Minimum Pulse Width 'fifo:fifo_rx|r_fifo_count[0]'
Slack : 0.366
TNS   : 0.000

------------------------------------------------------------
