Info: Starting: Create simulation model
Info: qsys-generate C:\Users\adeni\Documents\Mestrado\amc_vhdl\study\sram\sram_controller.qsys --simulation=VHDL --allow-mixed-language-simulation --output-directory=C:\Users\adeni\Documents\Mestrado\amc_vhdl\study\sram\sram_controller\simulation --family="Cyclone IV E" --part=EP4CE115F29C7
Progress: Loading sram/sram_controller.qsys
Progress: Reading input file
Progress: Adding sram_0 [altera_up_avalon_sram 18.0]
Progress: Parameterizing module sram_0
Progress: Building connections
Progress: Parameterizing connections
Progress: Validating
Progress: Done reading input file
Info: sram_controller: Generating sram_controller "sram_controller" for SIM_VHDL
Info: sram_0: Starting Generation of the SRAM Controller
Warning: sram_0: No files generated for fileset SIM_VHDL
Info: sram_0: "sram_controller" instantiated altera_up_avalon_sram "sram_0"
Info: sram_controller: Done "sram_controller" with 2 modules, 1 files
Info: qsys-generate succeeded.
Info: Finished: Create simulation model
Info: Starting: Create Modelsim Project.
Info: sim-script-gen --spd=C:\Users\adeni\Documents\Mestrado\amc_vhdl\study\sram\sram_controller\sram_controller.spd --output-directory=C:/Users/adeni/Documents/Mestrado/amc_vhdl/study/sram/sram_controller/simulation/ --use-relative-paths=true
Info: Doing: ip-make-simscript --spd=C:\Users\adeni\Documents\Mestrado\amc_vhdl\study\sram\sram_controller\sram_controller.spd --output-directory=C:/Users/adeni/Documents/Mestrado/amc_vhdl/study/sram/sram_controller/simulation/ --use-relative-paths=true
Info: Generating the following file(s) for MODELSIM simulator in C:/Users/adeni/Documents/Mestrado/amc_vhdl/study/sram/sram_controller/simulation/ directory:
Info: 	mentor/msim_setup.tcl
Info: Skipping VCS script generation since VHDL file $QUARTUS_INSTALL_DIR/eda/sim_lib/altera_syn_attributes.vhd is required for simulation
Info: Generating the following file(s) for VCSMX simulator in C:/Users/adeni/Documents/Mestrado/amc_vhdl/study/sram/sram_controller/simulation/ directory:
Info: 	synopsys/vcsmx/synopsys_sim.setup
Info: 	synopsys/vcsmx/vcsmx_setup.sh
Info: Generating the following file(s) for NCSIM simulator in C:/Users/adeni/Documents/Mestrado/amc_vhdl/study/sram/sram_controller/simulation/ directory:
Info: 	cadence/cds.lib
Info: 	cadence/hdl.var
Info: 	cadence/ncsim_setup.sh
Info: Generating the following file(s) for RIVIERA simulator in C:/Users/adeni/Documents/Mestrado/amc_vhdl/study/sram/sram_controller/simulation/ directory:
Info: 	aldec/rivierapro_setup.tcl
Info: For information on how to simulate your IP, see the explanatory comments in the simulator-specific subdirectories under C:/Users/adeni/Documents/Mestrado/amc_vhdl/study/sram/sram_controller/simulation/.
Info: Regenerate these scripts whenever you make any change to any Quartus-generated IP in your project.
Info: Finished: Create Modelsim Project.
Info: 
Info: Starting: Create HDL design files for synthesis
Info: qsys-generate C:\Users\adeni\Documents\Mestrado\amc_vhdl\study\sram\sram_controller.qsys --synthesis=VHDL --output-directory=C:\Users\adeni\Documents\Mestrado\amc_vhdl\study\sram\sram_controller\synthesis --family="Cyclone IV E" --part=EP4CE115F29C7
Progress: Loading sram/sram_controller.qsys
Progress: Reading input file
Progress: Adding sram_0 [altera_up_avalon_sram 18.0]
Progress: Parameterizing module sram_0
Progress: Building connections
Progress: Parameterizing connections
Progress: Validating
Progress: Done reading input file
Info: sram_controller: Generating sram_controller "sram_controller" for QUARTUS_SYNTH
Info: sram_0: Starting Generation of the SRAM Controller
Info: sram_0: "sram_controller" instantiated altera_up_avalon_sram "sram_0"
Info: sram_controller: Done "sram_controller" with 2 modules, 2 files
Info: qsys-generate succeeded.
Info: Finished: Create HDL design files for synthesis
