Analysis & Synthesis report for uart_book
Sat Aug 15 17:03:57 2020
Quartus Prime Version 20.1.0 Build 711 06/05/2020 SJ Lite Edition


---------------------
; Table of Contents ;
---------------------
  1. Legal Notice
  2. Analysis & Synthesis Summary
  3. Analysis & Synthesis Settings
  4. Parallel Compilation
  5. Analysis & Synthesis Source Files Read
  6. Analysis & Synthesis Resource Usage Summary
  7. Analysis & Synthesis Resource Utilization by Entity
  8. State Machine - |uart|uart_tx:transmitter|r_state_reg
  9. State Machine - |uart|uart_rx:receiver|r_state_reg
 10. General Register Statistics
 11. Inverted Register Statistics
 12. Multiplexer Restructuring Statistics (Restructuring Performed)
 13. Parameter Settings for User Entity Instance: Top-level Entity: |uart
 14. Parameter Settings for User Entity Instance: mod_m_counter:baud_generator
 15. Parameter Settings for User Entity Instance: uart_rx:receiver
 16. Parameter Settings for User Entity Instance: uart_tx:transmitter
 17. Parameter Settings for User Entity Instance: fifo:fifo_rx
 18. Parameter Settings for User Entity Instance: fifo:fifo_tx
 19. Port Connectivity Checks: "mod_m_counter:baud_generator"
 20. Post-Synthesis Netlist Statistics for Top Partition
 21. Elapsed Time Per Partition
 22. Analysis & Synthesis Equations
 23. Analysis & Synthesis Messages



----------------
; Legal Notice ;
----------------
Copyright (C) 2020  Intel Corporation. All rights reserved.
Your use of Intel Corporation's design tools, logic functions 
and other software and tools, and any partner logic 
functions, and any output files from any of the foregoing 
(including device programming or simulation files), and any 
associated documentation or information are expressly subject 
to the terms and conditions of the Intel Program License 
Subscription Agreement, the Intel Quartus Prime License Agreement,
the Intel FPGA IP License Agreement, or other applicable license
agreement, including, without limitation, that your use is for
the sole purpose of programming logic devices manufactured by
Intel and sold by Intel or its authorized distributors.  Please
refer to the applicable agreement for further details, at
https://fpgasoftware.intel.com/eula.



+----------------------------------------------------------------------------------+
; Analysis & Synthesis Summary                                                     ;
+------------------------------------+---------------------------------------------+
; Analysis & Synthesis Status        ; Successful - Sat Aug 15 17:03:57 2020       ;
; Quartus Prime Version              ; 20.1.0 Build 711 06/05/2020 SJ Lite Edition ;
; Revision Name                      ; uart_book                                   ;
; Top-level Entity Name              ; uart                                        ;
; Family                             ; Cyclone IV E                                ;
; Total logic elements               ; 2,451                                       ;
;     Total combinational functions  ; 1,419                                       ;
;     Dedicated logic registers      ; 1,456                                       ;
; Total registers                    ; 1456                                        ;
; Total pins                         ; 34                                          ;
; Total virtual pins                 ; 0                                           ;
; Total memory bits                  ; 0                                           ;
; Embedded Multiplier 9-bit elements ; 0                                           ;
; Total PLLs                         ; 0                                           ;
+------------------------------------+---------------------------------------------+


+------------------------------------------------------------------------------------------------------------+
; Analysis & Synthesis Settings                                                                              ;
+------------------------------------------------------------------+--------------------+--------------------+
; Option                                                           ; Setting            ; Default Value      ;
+------------------------------------------------------------------+--------------------+--------------------+
; Device                                                           ; EP4CE115F29C7      ;                    ;
; Top-level entity name                                            ; uart               ; uart_book          ;
; Family name                                                      ; Cyclone IV E       ; Cyclone V          ;
; VHDL Show LMF Mapping Messages                                   ; Off                ;                    ;
; Use smart compilation                                            ; Off                ; Off                ;
; Enable parallel Assembler and Timing Analyzer during compilation ; On                 ; On                 ;
; Enable compact report table                                      ; Off                ; Off                ;
; Restructure Multiplexers                                         ; Auto               ; Auto               ;
; Create Debugging Nodes for IP Cores                              ; Off                ; Off                ;
; Preserve fewer node names                                        ; On                 ; On                 ;
; Intel FPGA IP Evaluation Mode                                    ; Enable             ; Enable             ;
; Verilog Version                                                  ; Verilog_2001       ; Verilog_2001       ;
; VHDL Version                                                     ; VHDL_1993          ; VHDL_1993          ;
; State Machine Processing                                         ; Auto               ; Auto               ;
; Safe State Machine                                               ; Off                ; Off                ;
; Extract Verilog State Machines                                   ; On                 ; On                 ;
; Extract VHDL State Machines                                      ; On                 ; On                 ;
; Ignore Verilog initial constructs                                ; Off                ; Off                ;
; Iteration limit for constant Verilog loops                       ; 5000               ; 5000               ;
; Iteration limit for non-constant Verilog loops                   ; 250                ; 250                ;
; Add Pass-Through Logic to Inferred RAMs                          ; On                 ; On                 ;
; Infer RAMs from Raw Logic                                        ; On                 ; On                 ;
; Parallel Synthesis                                               ; On                 ; On                 ;
; DSP Block Balancing                                              ; Auto               ; Auto               ;
; NOT Gate Push-Back                                               ; On                 ; On                 ;
; Power-Up Don't Care                                              ; On                 ; On                 ;
; Remove Redundant Logic Cells                                     ; Off                ; Off                ;
; Remove Duplicate Registers                                       ; On                 ; On                 ;
; Ignore CARRY Buffers                                             ; Off                ; Off                ;
; Ignore CASCADE Buffers                                           ; Off                ; Off                ;
; Ignore GLOBAL Buffers                                            ; Off                ; Off                ;
; Ignore ROW GLOBAL Buffers                                        ; Off                ; Off                ;
; Ignore LCELL Buffers                                             ; Off                ; Off                ;
; Ignore SOFT Buffers                                              ; On                 ; On                 ;
; Limit AHDL Integers to 32 Bits                                   ; Off                ; Off                ;
; Optimization Technique                                           ; Balanced           ; Balanced           ;
; Carry Chain Length                                               ; 70                 ; 70                 ;
; Auto Carry Chains                                                ; On                 ; On                 ;
; Auto Open-Drain Pins                                             ; On                 ; On                 ;
; Perform WYSIWYG Primitive Resynthesis                            ; Off                ; Off                ;
; Auto ROM Replacement                                             ; On                 ; On                 ;
; Auto RAM Replacement                                             ; On                 ; On                 ;
; Auto DSP Block Replacement                                       ; On                 ; On                 ;
; Auto Shift Register Replacement                                  ; Auto               ; Auto               ;
; Allow Shift Register Merging across Hierarchies                  ; Auto               ; Auto               ;
; Auto Clock Enable Replacement                                    ; On                 ; On                 ;
; Strict RAM Replacement                                           ; Off                ; Off                ;
; Allow Synchronous Control Signals                                ; On                 ; On                 ;
; Force Use of Synchronous Clear Signals                           ; Off                ; Off                ;
; Auto RAM Block Balancing                                         ; On                 ; On                 ;
; Auto RAM to Logic Cell Conversion                                ; Off                ; Off                ;
; Auto Resource Sharing                                            ; Off                ; Off                ;
; Allow Any RAM Size For Recognition                               ; Off                ; Off                ;
; Allow Any ROM Size For Recognition                               ; Off                ; Off                ;
; Allow Any Shift Register Size For Recognition                    ; Off                ; Off                ;
; Use LogicLock Constraints during Resource Balancing              ; On                 ; On                 ;
; Ignore translate_off and synthesis_off directives                ; Off                ; Off                ;
; Timing-Driven Synthesis                                          ; On                 ; On                 ;
; Report Parameter Settings                                        ; On                 ; On                 ;
; Report Source Assignments                                        ; On                 ; On                 ;
; Report Connectivity Checks                                       ; On                 ; On                 ;
; Ignore Maximum Fan-Out Assignments                               ; Off                ; Off                ;
; Synchronization Register Chain Length                            ; 2                  ; 2                  ;
; Power Optimization During Synthesis                              ; Normal compilation ; Normal compilation ;
; HDL message level                                                ; Level2             ; Level2             ;
; Suppress Register Optimization Related Messages                  ; Off                ; Off                ;
; Number of Removed Registers Reported in Synthesis Report         ; 5000               ; 5000               ;
; Number of Swept Nodes Reported in Synthesis Report               ; 5000               ; 5000               ;
; Number of Inverted Registers Reported in Synthesis Report        ; 100                ; 100                ;
; Clock MUX Protection                                             ; On                 ; On                 ;
; Auto Gated Clock Conversion                                      ; Off                ; Off                ;
; Block Design Naming                                              ; Auto               ; Auto               ;
; SDC constraint protection                                        ; Off                ; Off                ;
; Synthesis Effort                                                 ; Auto               ; Auto               ;
; Shift Register Replacement - Allow Asynchronous Clear Signal     ; On                 ; On                 ;
; Pre-Mapping Resynthesis Optimization                             ; Off                ; Off                ;
; Analysis & Synthesis Message Level                               ; Medium             ; Medium             ;
; Disable Register Merging Across Hierarchies                      ; Auto               ; Auto               ;
; Resource Aware Inference For Block RAM                           ; On                 ; On                 ;
+------------------------------------------------------------------+--------------------+--------------------+


+------------------------------------------+
; Parallel Compilation                     ;
+----------------------------+-------------+
; Processors                 ; Number      ;
+----------------------------+-------------+
; Number detected on machine ; 12          ;
; Maximum allowed            ; 6           ;
;                            ;             ;
; Average used               ; 1.00        ;
; Maximum used               ; 6           ;
;                            ;             ;
; Usage by Processor         ; % Time Used ;
;     Processor 1            ; 100.0%      ;
;     Processor 2            ;   0.1%      ;
;     Processor 3            ;   0.0%      ;
;     Processor 4            ;   0.0%      ;
;     Processor 5            ;   0.0%      ;
;     Processor 6            ;   0.0%      ;
+----------------------------+-------------+


+---------------------------------------------------------------------------------------------------------------------------------------------------------------+
; Analysis & Synthesis Source Files Read                                                                                                                        ;
+----------------------------------+-----------------+-----------------+------------------------------------------------------------------------------+---------+
; File Name with User-Entered Path ; Used in Netlist ; File Type       ; File Name with Absolute Path                                                 ; Library ;
+----------------------------------+-----------------+-----------------+------------------------------------------------------------------------------+---------+
; uart_rx.vhd                      ; yes             ; User VHDL File  ; C:/Users/adeni/Documents/Mestrado/amc_vhdl/study/uart_book/uart_rx.vhd       ;         ;
; mod_m_counter.vhd                ; yes             ; User VHDL File  ; C:/Users/adeni/Documents/Mestrado/amc_vhdl/study/uart_book/mod_m_counter.vhd ;         ;
; uart_tx.vhd                      ; yes             ; User VHDL File  ; C:/Users/adeni/Documents/Mestrado/amc_vhdl/study/uart_book/uart_tx.vhd       ;         ;
; fifo.vhd                         ; yes             ; User VHDL File  ; C:/Users/adeni/Documents/Mestrado/amc_vhdl/study/uart_book/fifo.vhd          ;         ;
; uart.vhd                         ; yes             ; User VHDL File  ; C:/Users/adeni/Documents/Mestrado/amc_vhdl/study/uart_book/uart.vhd          ;         ;
+----------------------------------+-----------------+-----------------+------------------------------------------------------------------------------+---------+


+-----------------------------------------------------------+
; Analysis & Synthesis Resource Usage Summary               ;
+---------------------------------------------+-------------+
; Resource                                    ; Usage       ;
+---------------------------------------------+-------------+
; Estimated Total logic elements              ; 2,451       ;
;                                             ;             ;
; Total combinational functions               ; 1419        ;
; Logic element usage by number of LUT inputs ;             ;
;     -- 4 input functions                    ; 1008        ;
;     -- 3 input functions                    ; 25          ;
;     -- <=2 input functions                  ; 386         ;
;                                             ;             ;
; Logic elements by mode                      ;             ;
;     -- normal mode                          ; 1055        ;
;     -- arithmetic mode                      ; 364         ;
;                                             ;             ;
; Total registers                             ; 1456        ;
;     -- Dedicated logic registers            ; 1456        ;
;     -- I/O registers                        ; 0           ;
;                                             ;             ;
; I/O pins                                    ; 34          ;
;                                             ;             ;
; Embedded Multiplier 9-bit elements          ; 0           ;
;                                             ;             ;
; Maximum fan-out node                        ; i_clk~input ;
; Maximum fan-out                             ; 1456        ;
; Total fan-out                               ; 10743       ;
; Average fan-out                             ; 3.65        ;
+---------------------------------------------+-------------+


+----------------------------------------------------------------------------------------------------------------------------------------------------------------------------------------------------------------------------------+
; Analysis & Synthesis Resource Utilization by Entity                                                                                                                                                                              ;
+-----------------------------------+---------------------+---------------------------+-------------+--------------+---------+-----------+------+--------------+------------------------------------+---------------+--------------+
; Compilation Hierarchy Node        ; Combinational ALUTs ; Dedicated Logic Registers ; Memory Bits ; DSP Elements ; DSP 9x9 ; DSP 18x18 ; Pins ; Virtual Pins ; Full Hierarchy Name                ; Entity Name   ; Library Name ;
+-----------------------------------+---------------------+---------------------------+-------------+--------------+---------+-----------+------+--------------+------------------------------------+---------------+--------------+
; |uart                             ; 1419 (0)            ; 1456 (0)                  ; 0           ; 0            ; 0       ; 0         ; 34   ; 0            ; |uart                              ; uart          ; work         ;
;    |fifo:fifo_rx|                 ; 436 (436)           ; 526 (526)                 ; 0           ; 0            ; 0       ; 0         ; 0    ; 0            ; |uart|fifo:fifo_rx                 ; fifo          ; work         ;
;    |fifo:fifo_tx|                 ; 142 (142)           ; 526 (526)                 ; 0           ; 0            ; 0       ; 0         ; 0    ; 0            ; |uart|fifo:fifo_tx                 ; fifo          ; work         ;
;    |mod_m_counter:baud_generator| ; 487 (487)           ; 365 (365)                 ; 0           ; 0            ; 0       ; 0         ; 0    ; 0            ; |uart|mod_m_counter:baud_generator ; mod_m_counter ; work         ;
;    |uart_rx:receiver|             ; 27 (27)             ; 19 (19)                   ; 0           ; 0            ; 0       ; 0         ; 0    ; 0            ; |uart|uart_rx:receiver             ; uart_rx       ; work         ;
;    |uart_tx:transmitter|          ; 327 (327)           ; 20 (20)                   ; 0           ; 0            ; 0       ; 0         ; 0    ; 0            ; |uart|uart_tx:transmitter          ; uart_tx       ; work         ;
+-----------------------------------+---------------------+---------------------------+-------------+--------------+---------+-----------+------+--------------+------------------------------------+---------------+--------------+
Note: For table entries with two numbers listed, the numbers in parentheses indicate the number of resources of the given type used by the specific entity alone. The numbers listed outside of parentheses indicate the total resources of the given type used by the specific entity and all of its sub-entities in the hierarchy.


Encoding Type:  One-Hot
+----------------------------------------------------------------------------------------------------------+
; State Machine - |uart|uart_tx:transmitter|r_state_reg                                                    ;
+---------------------+--------------------+--------------------+---------------------+--------------------+
; Name                ; r_state_reg.s_stop ; r_state_reg.s_data ; r_state_reg.s_start ; r_state_reg.s_idle ;
+---------------------+--------------------+--------------------+---------------------+--------------------+
; r_state_reg.s_idle  ; 0                  ; 0                  ; 0                   ; 0                  ;
; r_state_reg.s_start ; 0                  ; 0                  ; 1                   ; 1                  ;
; r_state_reg.s_data  ; 0                  ; 1                  ; 0                   ; 1                  ;
; r_state_reg.s_stop  ; 1                  ; 0                  ; 0                   ; 1                  ;
+---------------------+--------------------+--------------------+---------------------+--------------------+


Encoding Type:  One-Hot
+----------------------------------------------------------------------------------------------------------+
; State Machine - |uart|uart_rx:receiver|r_state_reg                                                       ;
+---------------------+--------------------+--------------------+---------------------+--------------------+
; Name                ; r_state_reg.s_stop ; r_state_reg.s_data ; r_state_reg.s_start ; r_state_reg.s_idle ;
+---------------------+--------------------+--------------------+---------------------+--------------------+
; r_state_reg.s_idle  ; 0                  ; 0                  ; 0                   ; 0                  ;
; r_state_reg.s_start ; 0                  ; 0                  ; 1                   ; 1                  ;
; r_state_reg.s_data  ; 0                  ; 1                  ; 0                   ; 1                  ;
; r_state_reg.s_stop  ; 1                  ; 0                  ; 0                   ; 1                  ;
+---------------------+--------------------+--------------------+---------------------+--------------------+


+------------------------------------------------------+
; General Register Statistics                          ;
+----------------------------------------------+-------+
; Statistic                                    ; Value ;
+----------------------------------------------+-------+
; Total registers                              ; 1456  ;
; Number of registers using Synchronous Clear  ; 365   ;
; Number of registers using Synchronous Load   ; 7     ;
; Number of registers using Asynchronous Clear ; 1456  ;
; Number of registers using Asynchronous Load  ; 0     ;
; Number of registers using Clock Enable       ; 1067  ;
; Number of registers using Preset             ; 0     ;
+----------------------------------------------+-------+


+--------------------------------------------------+
; Inverted Register Statistics                     ;
+----------------------------------------+---------+
; Inverted Register                      ; Fan out ;
+----------------------------------------+---------+
; fifo:fifo_rx|r_empty                   ; 5       ;
; uart_tx:transmitter|r_tx_reg           ; 1       ;
; fifo:fifo_tx|r_empty                   ; 10      ;
; Total number of inverted registers = 3 ;         ;
+----------------------------------------+---------+


+----------------------------------------------------------------------------------------------------------------------------------------------------+
; Multiplexer Restructuring Statistics (Restructuring Performed)                                                                                     ;
+--------------------+-----------+---------------+----------------------+------------------------+------------+--------------------------------------+
; Multiplexer Inputs ; Bus Width ; Baseline Area ; Area if Restructured ; Saving if Restructured ; Registered ; Example Multiplexer Output           ;
+--------------------+-----------+---------------+----------------------+------------------------+------------+--------------------------------------+
; 5:1                ; 6 bits    ; 18 LEs        ; 0 LEs                ; 18 LEs                 ; Yes        ; |uart|fifo:fifo_rx|r_w_ptr[5]        ;
; 5:1                ; 6 bits    ; 18 LEs        ; 0 LEs                ; 18 LEs                 ; Yes        ; |uart|fifo:fifo_rx|r_ptr[2]          ;
; 5:1                ; 6 bits    ; 18 LEs        ; 0 LEs                ; 18 LEs                 ; Yes        ; |uart|fifo:fifo_tx|r_w_ptr[1]        ;
; 5:1                ; 6 bits    ; 18 LEs        ; 0 LEs                ; 18 LEs                 ; Yes        ; |uart|fifo:fifo_tx|r_ptr[5]          ;
; 5:1                ; 3 bits    ; 9 LEs         ; 3 LEs                ; 6 LEs                  ; Yes        ; |uart|uart_tx:transmitter|r_n_reg[2] ;
; 5:1                ; 3 bits    ; 9 LEs         ; 3 LEs                ; 6 LEs                  ; Yes        ; |uart|uart_rx:receiver|r_n_reg[0]    ;
; 7:1                ; 4 bits    ; 16 LEs        ; 4 LEs                ; 12 LEs                 ; Yes        ; |uart|uart_tx:transmitter|r_s_reg[2] ;
; 10:1               ; 4 bits    ; 24 LEs        ; 4 LEs                ; 20 LEs                 ; Yes        ; |uart|uart_rx:receiver|r_s_reg[2]    ;
; 68:1               ; 7 bits    ; 315 LEs       ; 301 LEs              ; 14 LEs                 ; Yes        ; |uart|uart_tx:transmitter|r_b_reg[0] ;
; 64:1               ; 8 bits    ; 336 LEs       ; 336 LEs              ; 0 LEs                  ; No         ; |uart|fifo:fifo_rx|Mux16             ;
; 6:1                ; 2 bits    ; 8 LEs         ; 4 LEs                ; 4 LEs                  ; No         ; |uart|uart_tx:transmitter|Selector2  ;
; 8:1                ; 2 bits    ; 10 LEs        ; 4 LEs                ; 6 LEs                  ; No         ; |uart|uart_tx:transmitter|Selector3  ;
; 8:1                ; 4 bits    ; 20 LEs        ; 12 LEs               ; 8 LEs                  ; No         ; |uart|uart_rx:receiver|Selector3     ;
+--------------------+-----------+---------------+----------------------+------------------------+------------+--------------------------------------+


+----------------------------------------------------------------------+
; Parameter Settings for User Entity Instance: Top-level Entity: |uart ;
+----------------+-------+---------------------------------------------+
; Parameter Name ; Value ; Type                                        ;
+----------------+-------+---------------------------------------------+
; g_dbit         ; 8     ; Signed Integer                              ;
; g_sb_tick      ; 16    ; Signed Integer                              ;
; g_dvsr         ; 365   ; Signed Integer                              ;
; g_dvsr_bit     ; 9     ; Signed Integer                              ;
; g_fifo_w       ; 6     ; Signed Integer                              ;
+----------------+-------+---------------------------------------------+
Note: In order to hide this table in the UI and the text report file, please set the "Show Parameter Settings in Synthesis Report" option in "Analysis and Synthesis Settings -> More Settings" to "Off".


+---------------------------------------------------------------------------+
; Parameter Settings for User Entity Instance: mod_m_counter:baud_generator ;
+----------------+-------+--------------------------------------------------+
; Parameter Name ; Value ; Type                                             ;
+----------------+-------+--------------------------------------------------+
; g_bits         ; 365   ; Signed Integer                                   ;
; g_mod          ; 9     ; Signed Integer                                   ;
+----------------+-------+--------------------------------------------------+
Note: In order to hide this table in the UI and the text report file, please set the "Show Parameter Settings in Synthesis Report" option in "Analysis and Synthesis Settings -> More Settings" to "Off".


+---------------------------------------------------------------+
; Parameter Settings for User Entity Instance: uart_rx:receiver ;
+----------------+-------+--------------------------------------+
; Parameter Name ; Value ; Type                                 ;
+----------------+-------+--------------------------------------+
; g_dbit         ; 8     ; Signed Integer                       ;
; g_sb_tick      ; 16    ; Signed Integer                       ;
+----------------+-------+--------------------------------------+
Note: In order to hide this table in the UI and the text report file, please set the "Show Parameter Settings in Synthesis Report" option in "Analysis and Synthesis Settings -> More Settings" to "Off".


+------------------------------------------------------------------+
; Parameter Settings for User Entity Instance: uart_tx:transmitter ;
+----------------+-------+-----------------------------------------+
; Parameter Name ; Value ; Type                                    ;
+----------------+-------+-----------------------------------------+
; g_dbit         ; 8     ; Signed Integer                          ;
; g_sb_tick      ; 16    ; Signed Integer                          ;
+----------------+-------+-----------------------------------------+
Note: In order to hide this table in the UI and the text report file, please set the "Show Parameter Settings in Synthesis Report" option in "Analysis and Synthesis Settings -> More Settings" to "Off".


+-----------------------------------------------------------+
; Parameter Settings for User Entity Instance: fifo:fifo_rx ;
+----------------+-------+----------------------------------+
; Parameter Name ; Value ; Type                             ;
+----------------+-------+----------------------------------+
; g_bits         ; 8     ; Signed Integer                   ;
; g_words        ; 6     ; Signed Integer                   ;
+----------------+-------+----------------------------------+
Note: In order to hide this table in the UI and the text report file, please set the "Show Parameter Settings in Synthesis Report" option in "Analysis and Synthesis Settings -> More Settings" to "Off".


+-----------------------------------------------------------+
; Parameter Settings for User Entity Instance: fifo:fifo_tx ;
+----------------+-------+----------------------------------+
; Parameter Name ; Value ; Type                             ;
+----------------+-------+----------------------------------+
; g_bits         ; 8     ; Signed Integer                   ;
; g_words        ; 6     ; Signed Integer                   ;
+----------------+-------+----------------------------------+
Note: In order to hide this table in the UI and the text report file, please set the "Show Parameter Settings in Synthesis Report" option in "Analysis and Synthesis Settings -> More Settings" to "Off".


+-------------------------------------------------------------------------------------------------------------------+
; Port Connectivity Checks: "mod_m_counter:baud_generator"                                                          ;
+---------+--------+----------+-------------------------------------------------------------------------------------+
; Port    ; Type   ; Severity ; Details                                                                             ;
+---------+--------+----------+-------------------------------------------------------------------------------------+
; o_count ; Output ; Info     ; Connected to dangling logic. Logic that only feeds a dangling port will be removed. ;
+---------+--------+----------+-------------------------------------------------------------------------------------+


+-----------------------------------------------------+
; Post-Synthesis Netlist Statistics for Top Partition ;
+-----------------------+-----------------------------+
; Type                  ; Count                       ;
+-----------------------+-----------------------------+
; boundary_port         ; 34                          ;
; cycloneiii_ff         ; 1456                        ;
;     CLR               ; 24                          ;
;     CLR SCLR          ; 365                         ;
;     ENA CLR           ; 1060                        ;
;     ENA CLR SLD       ; 7                           ;
; cycloneiii_lcell_comb ; 1422                        ;
;     arith             ; 364                         ;
;         2 data inputs ; 364                         ;
;     normal            ; 1058                        ;
;         1 data inputs ; 8                           ;
;         2 data inputs ; 17                          ;
;         3 data inputs ; 25                          ;
;         4 data inputs ; 1008                        ;
;                       ;                             ;
; Max LUT depth         ; 37.40                       ;
; Average LUT depth     ; 10.88                       ;
+-----------------------+-----------------------------+


+-------------------------------+
; Elapsed Time Per Partition    ;
+----------------+--------------+
; Partition Name ; Elapsed Time ;
+----------------+--------------+
; Top            ; 00:00:02     ;
+----------------+--------------+


+--------------------------------+
; Analysis & Synthesis Equations ;
+--------------------------------+
The equations can be found in C:/Users/adeni/Documents/Mestrado/amc_vhdl/study/uart_book/output_files/uart_book.map.eqn.


+-------------------------------+
; Analysis & Synthesis Messages ;
+-------------------------------+
Info: *******************************************************************
Info: Running Quartus Prime Analysis & Synthesis
    Info: Version 20.1.0 Build 711 06/05/2020 SJ Lite Edition
    Info: Processing started: Sat Aug 15 17:03:45 2020
Info: Command: quartus_map --read_settings_files=on --write_settings_files=off uart_book -c uart_book
Warning (18236): Number of processors has not been specified which may cause overloading on shared machines.  Set the global assignment NUM_PARALLEL_PROCESSORS in your QSF to an appropriate value for best performance.
Info (20030): Parallel compilation is enabled and will use 6 of the 6 processors detected
Info (12021): Found 2 design units, including 1 entities, in source file uart_rx.vhd
    Info (12022): Found design unit 1: uart_rx-arch File: C:/Users/adeni/Documents/Mestrado/amc_vhdl/study/uart_book/uart_rx.vhd Line: 18
    Info (12023): Found entity 1: uart_rx File: C:/Users/adeni/Documents/Mestrado/amc_vhdl/study/uart_book/uart_rx.vhd Line: 5
Info (12021): Found 2 design units, including 1 entities, in source file mod_m_counter.vhd
    Info (12022): Found design unit 1: mod_m_counter-arch File: C:/Users/adeni/Documents/Mestrado/amc_vhdl/study/uart_book/mod_m_counter.vhd Line: 16
    Info (12023): Found entity 1: mod_m_counter File: C:/Users/adeni/Documents/Mestrado/amc_vhdl/study/uart_book/mod_m_counter.vhd Line: 5
Info (12021): Found 2 design units, including 1 entities, in source file uart_tx.vhd
    Info (12022): Found design unit 1: uart_tx-arch File: C:/Users/adeni/Documents/Mestrado/amc_vhdl/study/uart_book/uart_tx.vhd Line: 19
    Info (12023): Found entity 1: uart_tx File: C:/Users/adeni/Documents/Mestrado/amc_vhdl/study/uart_book/uart_tx.vhd Line: 5
Info (12021): Found 2 design units, including 1 entities, in source file fifo.vhd
    Info (12022): Found design unit 1: fifo-arch File: C:/Users/adeni/Documents/Mestrado/amc_vhdl/study/uart_book/fifo.vhd Line: 20
    Info (12023): Found entity 1: fifo File: C:/Users/adeni/Documents/Mestrado/amc_vhdl/study/uart_book/fifo.vhd Line: 5
Info (12021): Found 2 design units, including 1 entities, in source file uart.vhd
    Info (12022): Found design unit 1: uart-arch File: C:/Users/adeni/Documents/Mestrado/amc_vhdl/study/uart_book/uart.vhd Line: 32
    Info (12023): Found entity 1: uart File: C:/Users/adeni/Documents/Mestrado/amc_vhdl/study/uart_book/uart.vhd Line: 5
Info (12127): Elaborating entity "uart" for the top level hierarchy
Info (12128): Elaborating entity "mod_m_counter" for hierarchy "mod_m_counter:baud_generator" File: C:/Users/adeni/Documents/Mestrado/amc_vhdl/study/uart_book/uart.vhd Line: 100
Info (12128): Elaborating entity "uart_rx" for hierarchy "uart_rx:receiver" File: C:/Users/adeni/Documents/Mestrado/amc_vhdl/study/uart_book/uart.vhd Line: 102
Info (12128): Elaborating entity "uart_tx" for hierarchy "uart_tx:transmitter" File: C:/Users/adeni/Documents/Mestrado/amc_vhdl/study/uart_book/uart.vhd Line: 104
Info (12128): Elaborating entity "fifo" for hierarchy "fifo:fifo_rx" File: C:/Users/adeni/Documents/Mestrado/amc_vhdl/study/uart_book/uart.vhd Line: 106
Info (13000): Registers with preset signals will power-up high File: C:/Users/adeni/Documents/Mestrado/amc_vhdl/study/uart_book/fifo.vhd Line: 52
Info (13003): DEV_CLRn pin will set, and not reset, register with preset signal due to NOT Gate Push-Back
Info (286030): Timing-Driven Synthesis is running
Info (16010): Generating hard_block partition "hard_block:auto_generated_inst"
    Info (16011): Adding 0 node(s), including 0 DDIO, 0 PLL, 0 transceiver and 0 LCELL
Info (21057): Implemented 2501 device resources after synthesis - the final resource count might be different
    Info (21058): Implemented 13 input pins
    Info (21059): Implemented 21 output pins
    Info (21061): Implemented 2467 logic cells
Info: Quartus Prime Analysis & Synthesis was successful. 0 errors, 1 warning
    Info: Peak virtual memory: 4806 megabytes
    Info: Processing ended: Sat Aug 15 17:03:57 2020
    Info: Elapsed time: 00:00:12
    Info: Total CPU time (on all processors): 00:00:23


