------------------------------------------------------------
Timing Analyzer Summary
------------------------------------------------------------

Type  : Slow 1200mV 85C Model Setup 'i_clk'
Slack : -28.169
TNS   : -44128.211

Type  : Slow 1200mV 85C Model Setup 'layer_l4:ol|r_max_enable'
Slack : -5.357
TNS   : -20.827

Type  : Slow 1200mV 85C Model Hold 'i_clk'
Slack : 0.383
TNS   : 0.000

Type  : Slow 1200mV 85C Model Hold 'layer_l4:ol|r_max_enable'
Slack : 1.844
TNS   : 0.000

Type  : Slow 1200mV 85C Model Minimum Pulse Width 'i_clk'
Slack : -3.000
TNS   : -5825.115

Type  : Slow 1200mV 85C Model Minimum Pulse Width 'layer_l4:ol|r_max_enable'
Slack : 0.416
TNS   : 0.000

Type  : Slow 1200mV 0C Model Setup 'i_clk'
Slack : -25.612
TNS   : -39768.437

Type  : Slow 1200mV 0C Model Setup 'layer_l4:ol|r_max_enable'
Slack : -4.935
TNS   : -19.163

Type  : Slow 1200mV 0C Model Hold 'i_clk'
Slack : 0.338
TNS   : 0.000

Type  : Slow 1200mV 0C Model Hold 'layer_l4:ol|r_max_enable'
Slack : 1.804
TNS   : 0.000

Type  : Slow 1200mV 0C Model Minimum Pulse Width 'i_clk'
Slack : -3.000
TNS   : -5823.355

Type  : Slow 1200mV 0C Model Minimum Pulse Width 'layer_l4:ol|r_max_enable'
Slack : 0.479
TNS   : 0.000

Type  : Fast 1200mV 0C Model Setup 'i_clk'
Slack : -13.605
TNS   : -20169.144

Type  : Fast 1200mV 0C Model Setup 'layer_l4:ol|r_max_enable'
Slack : -2.312
TNS   : -8.910

Type  : Fast 1200mV 0C Model Hold 'i_clk'
Slack : 0.149
TNS   : 0.000

Type  : Fast 1200mV 0C Model Hold 'layer_l4:ol|r_max_enable'
Slack : 1.046
TNS   : 0.000

Type  : Fast 1200mV 0C Model Minimum Pulse Width 'i_clk'
Slack : -3.000
TNS   : -4780.093

Type  : Fast 1200mV 0C Model Minimum Pulse Width 'layer_l4:ol|r_max_enable'
Slack : 0.336
TNS   : 0.000

------------------------------------------------------------
